########## emptyval ##########
foo ><, fie ><, fum >Hej<
OK!
OK!
