########## exit3 ##########
Text f|re exit
%%EXIT(NonInteger, Nu slutar jag)
Text efter exit


exit3.tst

    2.  %%EXIT("NonInteger", "Nu slutar jag")
=====>  1

  *1*   208 E : Value "NonInteger" of wrong type, must be INTEGER.


1 error(s) detected.
No warnings issued.

