########## includePars ##########
%%(test)
%%(test[0])
%%(test[1])
%%(test[2])
par11
1
par11
%%(test[2])
par21,par22
2
par21
par22
>1<
><
>2<


includePars.tst

    2.  %%(test)
=====>     1

  *1*   204 W : Variable "test" not set.

    3.  %%(test[0])
=====>     1

  *1*   204 W : Variable "test" not set.

    4.  %%(test[1])
=====>     1

  *1*   204 W : Variable "test" not set.

    5.  %%(test[2])
=====>     1    2

  *1*   204 W : Variable "test" not set.
  *2*   209 E : Index value "2" out of range.


1 error(s) detected.
4 warning(s) issued.

