########## insert ##########
5
1
2
3
4
5
%%({1,2,3,4,5}[6])
%%({1,2,3,4,5}[7])


insert.tst

    7.  %%({1,2,3,4,5}[6])
=====>                 1

  *1*   209 E : Index value "6" out of range.

    8.  %%({1,2,3,4,5}[7])
=====>                 1

  *1*   209 E : Index value "7" out of range.


2 error(s) detected.
No warnings issued.

