########## pwsint ##########
/* -------------------------- PWSINT --------------------------------------- */
/*									     */
/* File: PWSINT.SKL		- Interface file 		1987-05-05   */
/*									     */
/*	Host   :  Dec-Pascal/VMS					     */
/*	Target :  Dec-C/VMS						     */
/* ------------------------------------------------------------------------- */



pwsint.tst

   44.  %%END(fooidata)
=====>        1

  *1*   203 W : Label "fooidata" differs from corresponding BEGIN label.


No errors detected.
1 warning(s) issued.

