########## undef2 ##########


undef2.tst

    1.  %%IF ({%%(UNDEF), 2} (%%(UNDEF)))
=====>            1              2

  *1*   204 W : Variable "UNDEF" not set.
  *2*   204 W : Variable "UNDEF" not set.


No errors detected.
2 warning(s) issued.

