########## exit1 ##########
Text f|re exit
Nu slutar jag
  Result from evaluation of %%EXIT was 1
