########## include ##########
M2.SEM
Detta {r M2.SEM!
Detta {r M2.SEM!
