########## mod ##########
%%ESET VARIABEL(-6 MOD 4)
%%(VARIABEL)
%%((5-1) MOD (1+3))
%%(5-1 MOD 1+3)
%%BEGIN(modtest(num))
%%(num)
%%END(modtest)
%%EINCLUDE(modtest(3 MOD 6))

########## ../imp mod.tst >mod.tst.tmp; cat mod.tst.tmp; rm mod.tst.tmp ##########
-2
0
8
3

