########## nonempty ##########
%%SET A ()
%%SET B (1)
%%IF (A (*))
  Fel 1
%%ELSE
  OK 1
%%ENDIF
%%IF (B (*))
  OK 2
%%ELSE
  Fel 2
%%ENDIF
%%IF ({1} (*))
  OK 3
%%ELSE
  Fel 3
%%ENDIF
%%IF ({} (*))
  Fel 4
%%ELSE
  OK 4
%%ENDIF
%%IF ({1,2,3}[2] (*))
  OK 5
%%ELSE
  Fel 5
%%ENDIF
%%IF ({1,2,{},4}[3] (*))
  Fel 6
%%ELSE
  OK 6
%%ENDIF
%%IF (C (*))
`%%IF (C(*))         * * * FACIT * * *
%%ENDIF
%%IF ({1}[2] (*))
`%%IF ({1}[2](*))    * * * FACIT * * *
%%ENDIF
%%IF (%%(A) (*))
`%%IF (<NULL>(*))    * * * FACIT * * *
%%ENDIF
%%IF (%%(C) (*))
`%%IF (`%%(C)(*))     * * * FACIT * * *
%%ENDIF
########## ../imp nonempty.tst >nonempty.tst.tmp; cat nonempty.tst.tmp; rm nonempty.tst.tmp ##########


nonempty.tst

   33.  %%IF (C (*))
=====>        1

  *1*   204 W : Variable "C" not set.

   36.  %%IF ({1}[2] (*))
=====>            1

  *1*   209 E : Index value "2" out of range.

   39.  %%IF (%%(A) (*))
=====>        1

  *1*   214 E : Empty string not allowed as variable name
  *1*   204 W : Variable "<NULL>" not set.

   42.  %%IF (%%(C) (*))
=====>        1  2

  *1*   204 W : Variable "%%(C)" not set.
  *2*   204 W : Variable "C" not set.


2 error(s) detected.
4 warning(s) issued.

  OK 1
  OK 2
  OK 3
  OK 4
  OK 5
  OK 6
%%IF (C(*))
%%IF (C(*))         * * * FACIT * * *
%%ENDIF
%%IF ({1}[2](*))
%%IF ({1}[2](*))    * * * FACIT * * *
%%ENDIF
%%IF (<NULL>(*))
%%IF (<NULL>(*))    * * * FACIT * * *
%%ENDIF
%%IF (%%(C)(*))
%%IF (%%(C)(*))     * * * FACIT * * *
%%ENDIF
