########## nonempty ##########
  OK 1
  OK 2
  OK 3
  OK 4
  OK 5
  OK 6
%%IF (C(*))
%%IF (C(*))         * * * FACIT * * *
%%ENDIF
%%IF ({1}[2](*))
%%IF ({1}[2](*))    * * * FACIT * * *
%%ENDIF
%%IF (<NULL>(*))
%%IF (<NULL>(*))    * * * FACIT * * *
%%ENDIF
%%IF (%%(C)(*))
%%IF (%%(C)(*))     * * * FACIT * * *
%%ENDIF


nonempty.tst

   33.  %%IF (C (*))
=====>        1

  *1*   204 W : Variable "C" not set.

   36.  %%IF ({1}[2] (*))
=====>            1

  *1*   209 E : Index value "2" out of range.

   39.  %%IF (%%(A) (*))
=====>        1

  *1*   214 E : Empty string not allowed as variable name
  *1*   204 W : Variable "<NULL>" not set.

   42.  %%IF (%%(C) (*))
=====>        1  2

  *1*   204 W : Variable "%%(C)" not set.
  *2*   204 W : Variable "C" not set.


2 error(s) detected.
4 warning(s) issued.

