########## tab ##########
		%%if (foo(fie))
%%endif
########## ../imp tab.tst >tab.tst.tmp; cat tab.tst.tmp; rm tab.tst.tmp ##########


tab.tst

    1.  		%%if (foo(fie))
=====>  		      1

  *1*   204 W : Variable "foo" not set.


No errors detected.
1 warning(s) issued.

		%%IF (foo(fie))

%%ENDIF
